
Memory Configuration

Name             Origin             Length             Attributes
FLASH            0x0000000008000000 0x0000000000100000 xr
SRAM             0x0000000020000000 0x0000000000050000 xrw
*default*        0x0000000000000000 0xffffffffffffffff

Linker script and memory map

LOAD build/st_startup.o
LOAD build/print.o
LOAD build/main.o
LOAD build/sprint.o
LOAD build/os_hal_gpio.o
LOAD build/os_hal_uart.o
LOAD build/os_hal_rcc.o
                0x0000000000000400                __max_heap_size = 0x400
                0x0000000000000200                __max_stack_size = 0x200

.text           0x0000000008000000      0xdd8
 *(.isr_vector)
 .isr_vector    0x0000000008000000      0x1ac build/st_startup.o
                0x0000000008000000                vectors
 *(.text)
 .text          0x00000000080001ac       0x8c build/st_startup.o
                0x00000000080001ac                Reset_Handler
                0x0000000008000230                EXTI2_IRQHandler
                0x0000000008000230                TIM8_TRG_COM_IRQHandler
                0x0000000008000230                TIM8_CC_IRQHandler
                0x0000000008000230                SVCall_Handler
                0x0000000008000230                DebugMon_Handler
                0x0000000008000230                DMA1_CH4_IRQHandler
                0x0000000008000230                TIM1_CC_IRQHandler
                0x0000000008000230                TSC_IRQHandler
                0x0000000008000230                HardFault_Handler
                0x0000000008000230                SysTick_Handler
                0x0000000008000230                TAMP_STAMP_IRQHandler
                0x0000000008000230                PendSV_Handler
                0x0000000008000230                NMI_Handler
                0x0000000008000230                CAN2_RX1_IRQHandler
                0x0000000008000230                EXTI3_IRQHandler
                0x0000000008000230                LPTIM2_IRQHandler
                0x0000000008000230                DFSDM1_FLT1_IRQHandler
                0x0000000008000230                I2C3_ER_IRQHandler
                0x0000000008000230                DFSDM1_FLT2_IRQHandler
                0x0000000008000230                TIM6_DACUNDER_IRQHandler
                0x0000000008000230                EXTI0_IRQHandler
                0x0000000008000230                I2C2_EV_IRQHandler
                0x0000000008000230                DMA2_CH1_IRQHandler
                0x0000000008000230                CAN1_RX0_IRQHandler
                0x0000000008000230                FPU_IRQHandler
                0x0000000008000230                TIM1_UP_TIM16_IRQHandler
                0x0000000008000230                DMA2_CH7_IRQHandler
                0x0000000008000230                UsageFault_Handler
                0x0000000008000230                CAN2_SCE_IRQHandler
                0x0000000008000230                ADC1_2_IRQHandler
                0x0000000008000230                SPI1_IRQHandler
                0x0000000008000230                USART5_IRQHandler
                0x0000000008000230                DMA1_CH7_IRQHandler
                0x0000000008000230                DCMI_IRQHandler
                0x0000000008000230                CAN2_RX0_IRQHandler
                0x0000000008000230                TIM8_UP_IRQHandler
                0x0000000008000230                RTC_ALARM_IRQHandler
                0x0000000008000230                SAI2_IRQHandler
                0x0000000008000230                DFSDM1_FLT3_IRQHandler
                0x0000000008000230                DMA1_CH6_IRQHandler
                0x0000000008000230                USART3_IRQHandler
                0x0000000008000230                CAN1_RX1_IRQHandler
                0x0000000008000230                LCD_IRQHandler
                0x0000000008000230                ADC3_IRQHandler
                0x0000000008000230                TIM4_IRQHandler
                0x0000000008000230                QUADSPI_IRQHandler
                0x0000000008000230                I2C1_EV_IRQHandler
                0x0000000008000230                DMA2_CH5_IRQHandler
                0x0000000008000230                USART4_IRQHandler
                0x0000000008000230                DMA1_CH3_IRQHandler
                0x0000000008000230                TIM3_IRQHandler
                0x0000000008000230                RCC_IRQHandler
                0x0000000008000230                Default_Handler
                0x0000000008000230                EXTI15_10_IRQHandler
                0x0000000008000230                TIM7_IRQHandler
                0x0000000008000230                SDMMC1_IRQHandler
                0x0000000008000230                CAN2_TX_IRQHandler
                0x0000000008000230                TIM5_IRQHandler
                0x0000000008000230                I2C3_EV_IRQHandler
                0x0000000008000230                EXTI9_5_IRQHandler
                0x0000000008000230                DMA1_CH2_IRQHandler
                0x0000000008000230                RTC_WKUP_IRQHandler
                0x0000000008000230                PVD_PVM_IRQHandler
                0x0000000008000230                SPI2_IRQHandler
                0x0000000008000230                DMA1_CH1_IRQHandler
                0x0000000008000230                MemManage_Handler
                0x0000000008000230                CAN1_TX_IRQHandler
                0x0000000008000230                CRS_IRQHandler
                0x0000000008000230                EXTI4_IRQHandler
                0x0000000008000230                RNG_IRQHandler
                0x0000000008000230                TIM1_TRG_COM_TIM17_IRQHandler
                0x0000000008000230                COMP_IRQHandler
                0x0000000008000230                WWDG_IRQHandler
                0x0000000008000230                I2C4_EV_IRQHandler
                0x0000000008000230                LPUART1_IRQHandler
                0x0000000008000230                TIM2_IRQHandler
                0x0000000008000230                DMA2D_IRQHandler
                0x0000000008000230                EXTI1_IRQHandler
                0x0000000008000230                AES_IRQHandler
                0x0000000008000230                USART2_IRQHandler
                0x0000000008000230                DFSDM1_FLT0_IRQHandler
                0x0000000008000230                I2C2_ER_IRQHandler
                0x0000000008000230                TIM8_BRK_IRQHandler
                0x0000000008000230                CAN1_SCE_IRQHandler
                0x0000000008000230                FLASH_IRQHandler
                0x0000000008000230                BusFault_Handler
                0x0000000008000230                USART1_IRQHandler
                0x0000000008000230                OTG_FS_IRQHandler
                0x0000000008000230                SPI3_IRQHandler
                0x0000000008000230                DMA2_CH6_IRQHandler
                0x0000000008000230                DMA2_CH3_IRQHandler
                0x0000000008000230                DMA2_CH2_IRQHandler
                0x0000000008000230                I2C1_ER_IRQHandler
                0x0000000008000230                FMC_IRQHandler
                0x0000000008000230                DMA1_CH5_IRQHandler
                0x0000000008000230                DMA2_CH4_IRQHandler
                0x0000000008000230                SWPMI1_IRQHandler
                0x0000000008000230                LPTIM1_IRQHandler
                0x0000000008000230                I2C4_ER_IRQHandler
                0x0000000008000230                SAI1_IRQHandler
                0x0000000008000230                TIM1_BRK_TIM15_IRQHandler
 .text          0x0000000008000238       0x5c build/print.o
                0x0000000008000238                print
                0x0000000008000274                print_char
 .text          0x0000000008000294       0x9c build/main.o
                0x0000000008000294                delay
                0x00000000080002b4                main
 .text          0x0000000008000330      0x5f8 build/sprint.o
                0x000000000800058c                vsprint
                0x00000000080008fc                sprint
 .text          0x0000000008000928      0x1cc build/os_hal_gpio.o
                0x0000000008000928                Gpio_Config
                0x0000000008000a42                Hal_Gpio_Init
                0x0000000008000a80                Hal_Gpio_Write
                0x0000000008000ac0                Hal_Gpio_Read
 .text          0x0000000008000af4       0x78 build/os_hal_uart.o
                0x0000000008000af4                Hal_Usart_init
                0x0000000008000b18                Hal_Usart_PrintChar
                0x0000000008000b44                Hal_Usart_PrintStr
 .text          0x0000000008000b6c      0x1f0 build/os_hal_rcc.o
                0x0000000008000b6c                RCC_AHB1ENR_ENABLE
                0x0000000008000b90                RCC_AHB2ENR_ENABLE
                0x0000000008000bb4                RCC_AHB3ENR_ENABLE
                0x0000000008000bd8                RCC_APB1ENR1_ENABLE
                0x0000000008000bfc                RCC_APB1ENR2_ENABLE
                0x0000000008000c20                RCC_APB2ENR_ENABLE
                0x0000000008000c44                Init_Sys_Clock
                0x0000000008000c94                Hal_Clocks_Init
 *(.rodata)
 .rodata        0x0000000008000d5c        0x3 build/print.o
 *fill*         0x0000000008000d5f        0x1 
 .rodata        0x0000000008000d60       0x10 build/main.o
 .rodata        0x0000000008000d70       0x17 build/sprint.o
 *fill*         0x0000000008000d87        0x1 
 .rodata        0x0000000008000d88       0x3c build/os_hal_gpio.o
                0x0000000008000d88                Pins_To_Configure
 .rodata        0x0000000008000dc4       0x10 build/os_hal_rcc.o
                0x0000000008000dc4                Registers_To_Configure
                0x0000000008000dd8                . = ALIGN (0x8)
 *fill*         0x0000000008000dd4        0x4 
                0x0000000008000dd8                _etext = .

.glue_7         0x0000000008000dd8        0x0
 .glue_7        0x0000000008000dd8        0x0 linker stubs

.glue_7t        0x0000000008000dd8        0x0
 .glue_7t       0x0000000008000dd8        0x0 linker stubs

.vfp11_veneer   0x0000000008000dd8        0x0
 .vfp11_veneer  0x0000000008000dd8        0x0 linker stubs

.v4_bx          0x0000000008000dd8        0x0
 .v4_bx         0x0000000008000dd8        0x0 linker stubs

.iplt           0x0000000008000dd8        0x0
 .iplt          0x0000000008000dd8        0x0 build/st_startup.o

.rel.dyn        0x0000000008000dd8        0x0
 .rel.iplt      0x0000000008000dd8        0x0 build/st_startup.o

.data           0x0000000020000000        0x0 load address 0x0000000008000dd8
                0x0000000020000000                _sdata = .
 *(.data)
 .data          0x0000000020000000        0x0 build/st_startup.o
 .data          0x0000000020000000        0x0 build/print.o
 .data          0x0000000020000000        0x0 build/main.o
 .data          0x0000000020000000        0x0 build/sprint.o
 .data          0x0000000020000000        0x0 build/os_hal_gpio.o
 .data          0x0000000020000000        0x0 build/os_hal_uart.o
 .data          0x0000000020000000        0x0 build/os_hal_rcc.o
                0x0000000020000000                . = ALIGN (0x8)
                0x0000000020000000                _edata = .

.igot.plt       0x0000000020000000        0x0 load address 0x0000000008000dd8
 .igot.plt      0x0000000020000000        0x0 build/st_startup.o

.bss            0x0000000020000000       0x80 load address 0x0000000008000dd8
                0x0000000020000000                _sbss = .
 *(.bss)
 .bss           0x0000000020000000        0x0 build/st_startup.o
 .bss           0x0000000020000000       0x80 build/print.o
 .bss           0x0000000020000080        0x0 build/main.o
 .bss           0x0000000020000080        0x0 build/sprint.o
 .bss           0x0000000020000080        0x0 build/os_hal_gpio.o
 .bss           0x0000000020000080        0x0 build/os_hal_uart.o
 .bss           0x0000000020000080        0x0 build/os_hal_rcc.o
 *(COMMON)
                0x0000000020000080                . = ALIGN (0x8)
                0x0000000020000080                _ebss = .
OUTPUT(build/main.elf elf32-littlearm)

.debug_info     0x0000000000000000     0x1547
 .debug_info    0x0000000000000000      0x15a build/st_startup.o
 .debug_info    0x000000000000015a      0x17c build/print.o
 .debug_info    0x00000000000002d6      0x1b6 build/main.o
 .debug_info    0x000000000000048c      0x371 build/sprint.o
 .debug_info    0x00000000000007fd      0x537 build/os_hal_gpio.o
 .debug_info    0x0000000000000d34      0x216 build/os_hal_uart.o
 .debug_info    0x0000000000000f4a      0x5fd build/os_hal_rcc.o

.debug_abbrev   0x0000000000000000      0x73b
 .debug_abbrev  0x0000000000000000       0xc4 build/st_startup.o
 .debug_abbrev  0x00000000000000c4       0xe4 build/print.o
 .debug_abbrev  0x00000000000001a8       0xa2 build/main.o
 .debug_abbrev  0x000000000000024a      0x12e build/sprint.o
 .debug_abbrev  0x0000000000000378      0x168 build/os_hal_gpio.o
 .debug_abbrev  0x00000000000004e0       0xee build/os_hal_uart.o
 .debug_abbrev  0x00000000000005ce      0x16d build/os_hal_rcc.o

.debug_aranges  0x0000000000000000       0xe0
 .debug_aranges
                0x0000000000000000       0x20 build/st_startup.o
 .debug_aranges
                0x0000000000000020       0x20 build/print.o
 .debug_aranges
                0x0000000000000040       0x20 build/main.o
 .debug_aranges
                0x0000000000000060       0x20 build/sprint.o
 .debug_aranges
                0x0000000000000080       0x20 build/os_hal_gpio.o
 .debug_aranges
                0x00000000000000a0       0x20 build/os_hal_uart.o
 .debug_aranges
                0x00000000000000c0       0x20 build/os_hal_rcc.o

.debug_line     0x0000000000000000      0x794
 .debug_line    0x0000000000000000       0xd8 build/st_startup.o
 .debug_line    0x00000000000000d8      0x107 build/print.o
 .debug_line    0x00000000000001df       0xca build/main.o
 .debug_line    0x00000000000002a9      0x1be build/sprint.o
 .debug_line    0x0000000000000467      0x11e build/os_hal_gpio.o
 .debug_line    0x0000000000000585       0xe4 build/os_hal_uart.o
 .debug_line    0x0000000000000669      0x12b build/os_hal_rcc.o

.debug_str      0x0000000000000000      0xbbb
 .debug_str     0x0000000000000000      0x160 build/st_startup.o
                                        0x1aa (size before relaxing)
 .debug_str     0x0000000000000160       0x58 build/print.o
                                        0x19c (size before relaxing)
 .debug_str     0x00000000000001b8      0x153 build/main.o
                                        0x28c (size before relaxing)
 .debug_str     0x000000000000030b       0x7c build/sprint.o
                                        0x20b (size before relaxing)
 .debug_str     0x0000000000000387      0x28f build/os_hal_gpio.o
                                        0x515 (size before relaxing)
 .debug_str     0x0000000000000616       0x96 build/os_hal_uart.o
                                        0x1e8 (size before relaxing)
 .debug_str     0x00000000000006ac      0x50f build/os_hal_rcc.o
                                        0x680 (size before relaxing)

.comment        0x0000000000000000       0x31
 .comment       0x0000000000000000       0x31 build/st_startup.o
                                         0x32 (size before relaxing)
 .comment       0x0000000000000031       0x32 build/print.o
 .comment       0x0000000000000031       0x32 build/main.o
 .comment       0x0000000000000031       0x32 build/sprint.o
 .comment       0x0000000000000031       0x32 build/os_hal_gpio.o
 .comment       0x0000000000000031       0x32 build/os_hal_uart.o
 .comment       0x0000000000000031       0x32 build/os_hal_rcc.o

.ARM.attributes
                0x0000000000000000       0x33
 .ARM.attributes
                0x0000000000000000       0x33 build/st_startup.o
 .ARM.attributes
                0x0000000000000033       0x33 build/print.o
 .ARM.attributes
                0x0000000000000066       0x33 build/main.o
 .ARM.attributes
                0x0000000000000099       0x33 build/sprint.o
 .ARM.attributes
                0x00000000000000cc       0x33 build/os_hal_gpio.o
 .ARM.attributes
                0x00000000000000ff       0x33 build/os_hal_uart.o
 .ARM.attributes
                0x0000000000000132       0x33 build/os_hal_rcc.o

.debug_frame    0x0000000000000000      0x464
 .debug_frame   0x0000000000000000       0x4c build/st_startup.o
 .debug_frame   0x000000000000004c       0x70 build/print.o
 .debug_frame   0x00000000000000bc       0x54 build/main.o
 .debug_frame   0x0000000000000110       0xe8 build/sprint.o
 .debug_frame   0x00000000000001f8       0xac build/os_hal_gpio.o
 .debug_frame   0x00000000000002a4       0x7c build/os_hal_uart.o
 .debug_frame   0x0000000000000320      0x144 build/os_hal_rcc.o
